#-----------------------------------------------------------
# Webtalk v2019.2 (64-bit)
# SW Build 2708876 on Wed Nov  6 21:39:14 MST 2019
# IP Build 2700528 on Thu Nov  7 00:09:20 MST 2019
# Start of session at: Mon Feb 10 08:17:23 2020
# Process ID: 14513
# Current directory: /home/anthony/Documents/PhilosophyV/philosophy_v_001/philosophy_v_001.sim/sim_1/behav/xsim
# Command line: wbtcv -mode batch -source /home/anthony/Documents/PhilosophyV/philosophy_v_001/philosophy_v_001.sim/sim_1/behav/xsim/xsim.dir/run_philv_core_behav/webtalk/xsim_webtalk.tcl -notrace
# Log file: /home/anthony/Documents/PhilosophyV/philosophy_v_001/philosophy_v_001.sim/sim_1/behav/xsim/webtalk.log
# Journal file: /home/anthony/Documents/PhilosophyV/philosophy_v_001/philosophy_v_001.sim/sim_1/behav/xsim/webtalk.jou
#-----------------------------------------------------------
source /home/anthony/Documents/PhilosophyV/philosophy_v_001/philosophy_v_001.sim/sim_1/behav/xsim/xsim.dir/run_philv_core_behav/webtalk/xsim_webtalk.tcl -notrace
